// Jest Snapshot v1, https://goo.gl/fbAQLP

exports[`loads counter from counterStore by id 1`] = `
<Counter
  count={-1}
  onDecrement={[Function]}
  onDelete={[Function]}
  onIncrement={[Function]}
  title="steve"
/>
`;

exports[`renders nothing if counter id is invalid 1`] = `""`;
