// Jest Snapshot v1, https://goo.gl/fbAQLP

exports[`renders the total 1`] = `
<div
  className="Total"
>
  Total: 
  123
</div>
`;
